// Jest Snapshot v1, https://goo.gl/fbAQLP

exports[`EditBikeDialog Component matches snapshot 1`] = `<DocumentFragment />`;
